// Jest Snapshot v1, https://goo.gl/fbAQLP

exports[`CreateOppModal should match snapshot 1`] = `"wrapper"`;
